2026-08-20T07:36:43.959-03:00  INFO 4148 --- [agenda] [main] com.oficina.agenda.AgendaApplication     : Starting AgendaApplication v0.0.1-SNAPSHOT using Java 21.0.12 with PID 4148 (C:\Users\Admin\Documents\Agenda\agenda-oficina\build\libs\agenda-0.0.1-SNAPSHOT.jar started by Admin in C:\Users\Admin\Documents\Agenda\agenda-oficina)
2026-08-20T07:36:43.979-03:00  INFO 4148 --- [agenda] [main] com.oficina.agenda.AgendaApplication     : No active profile set, falling back to 1 default profile: "default"
2026-08-20T07:36:45.584-03:00  INFO 4148 --- [agenda] [main] .s.d.r.c.RepositoryConfigurationDelegate : Bootstrapping Spring Data JPA repositories in DEFAULT mode.
2026-08-20T07:36:45.731-03:00  INFO 4148 --- [agenda] [main] .s.d.r.c.RepositoryConfigurationDelegate : Finished Spring Data repository scanning in 109 ms. Found 6 JPA repository interfaces.
2026-08-20T07:36:46.734-03:00  INFO 4148 --- [agenda] [main] o.s.boot.tomcat.TomcatWebServer          : Tomcat initialized with port 9091 (http)
2026-08-20T07:36:46.750-03:00  INFO 4148 --- [agenda] [main] o.apache.catalina.core.StandardService   : Starting service [Tomcat]
2026-08-20T07:36:46.750-03:00  INFO 4148 --- [agenda] [main] o.apache.catalina.core.StandardEngine    : Starting Servlet engine: [Apache Tomcat/11.0.22]
2026-08-20T07:36:46.803-03:00  INFO 4148 --- [agenda] [main] b.w.c.s.WebApplicationContextInitializer : Root WebApplicationContext: initialization completed in 2700 ms
2026-08-20T07:36:47.135-03:00  INFO 4148 --- [agenda] [main] org.hibernate.orm.jpa                    : HHH008540: Processing PersistenceUnitInfo [name: default]
2026-08-20T07:36:47.282-03:00  INFO 4148 --- [agenda] [main] org.hibernate.orm.core                   : HHH000001: Hibernate ORM core version 7.4.1.Final
2026-08-20T07:36:48.343-03:00  INFO 4148 --- [agenda] [main] o.s.o.j.p.SpringPersistenceUnitInfo      : No LoadTimeWeaver setup: ignoring JPA class transformer
2026-08-20T07:36:48.444-03:00  INFO 4148 --- [agenda] [main] com.zaxxer.hikari.HikariDataSource       : HikariPool-1 - Starting...
2026-08-20T07:36:49.165-03:00  INFO 4148 --- [agenda] [main] com.zaxxer.hikari.pool.HikariPool        : HikariPool-1 - Added connection org.postgresql.jdbc.PgConnection@6ad112de
2026-08-20T07:36:49.170-03:00  INFO 4148 --- [agenda] [main] com.zaxxer.hikari.HikariDataSource       : HikariPool-1 - Start completed.
2026-08-20T07:36:49.424-03:00  INFO 4148 --- [agenda] [main] org.hibernate.orm.connections.pooling    : HHH10001005: Database info:
	Database JDBC URL [jdbc:postgresql://localhost:5432/agenda_oficina]
	Database driver: PostgreSQL JDBC Driver
	Database dialect: PostgreSQLDialect
	Database version: 18.4
	Default catalog/schema: agenda_oficina/public
	Autocommit mode: undefined/unknown
	Isolation level: READ_COMMITTED [default READ_COMMITTED]
	JDBC fetch size: none
	Pool: DataSourceConnectionProvider
	Minimum pool size: undefined/unknown
	Maximum pool size: undefined/unknown
2026-08-20T07:36:51.758-03:00  INFO 4148 --- [agenda] [main] org.hibernate.orm.core                   : HHH000489: No JTA platform available (set 'hibernate.transaction.jta.platform' to enable JTA platform integration)
2026-08-20T07:36:51.956-03:00  INFO 4148 --- [agenda] [main] j.LocalContainerEntityManagerFactoryBean : Initialized JPA EntityManagerFactory for persistence unit 'default'
2026-08-20T07:36:52.108-03:00  INFO 4148 --- [agenda] [main] o.s.d.j.r.query.QueryEnhancerFactories   : Hibernate is in classpath; If applicable, HQL parser will be used.
2026-08-20T07:36:53.217-03:00  WARN 4148 --- [agenda] [main] JpaBaseConfiguration$JpaWebConfiguration : spring.jpa.open-in-view is enabled by default. Therefore, database queries may be performed during view rendering. Explicitly configure spring.jpa.open-in-view to disable this warning
2026-08-20T07:36:54.216-03:00  INFO 4148 --- [agenda] [main] o.s.m.s.b.SimpleBrokerMessageHandler     : Starting...
2026-08-20T07:36:54.217-03:00  INFO 4148 --- [agenda] [main] o.s.m.s.b.SimpleBrokerMessageHandler     : BrokerAvailabilityEvent[available=true, SimpleBrokerMessageHandler [org.springframework.messaging.simp.broker.DefaultSubscriptionRegistry@4c5d1649]]
2026-08-20T07:36:54.221-03:00  INFO 4148 --- [agenda] [main] o.s.m.s.b.SimpleBrokerMessageHandler     : Started.
2026-08-20T07:36:54.263-03:00  INFO 4148 --- [agenda] [main] o.s.boot.tomcat.TomcatWebServer          : Tomcat started on port 9091 (http) with context path '/'
2026-08-20T07:36:54.273-03:00  INFO 4148 --- [agenda] [main] com.oficina.agenda.AgendaApplication     : Started AgendaApplication in 11.308 seconds (process running for 12.535)
2026-08-20T07:37:24.788-03:00  INFO 4148 --- [agenda] [http-nio-0.0.0.0-9091-exec-1] o.a.c.c.C.[Tomcat].[localhost].[/]       : Initializing Spring DispatcherServlet 'dispatcherServlet'
2026-08-20T07:37:24.788-03:00  INFO 4148 --- [agenda] [http-nio-0.0.0.0-9091-exec-1] o.s.web.servlet.DispatcherServlet        : Initializing Servlet 'dispatcherServlet'
2026-08-20T07:37:24.790-03:00  INFO 4148 --- [agenda] [http-nio-0.0.0.0-9091-exec-1] o.s.web.servlet.DispatcherServlet        : Completed initialization in 1 ms
2026-08-20T07:37:54.220-03:00  INFO 4148 --- [agenda] [MessageBroker-1] o.s.w.s.c.WebSocketMessageBrokerStats    : WebSocketSession[1 current WS(1)-HttpStream(0)-HttpPoll(0), 1 total, 0 closed abnormally (0 connect failure, 0 send limit, 0 transport error)], stompSubProtocol[processed CONNECT(1)-CONNECTED(1)-DISCONNECT(0)], stompBrokerRelay[null], inboundChannel[pool size = 6, active threads = 0, queued tasks = 0, completed tasks = 6], outboundChannel[pool size = 1, active threads = 0, queued tasks = 0, completed tasks = 1], sockJsScheduler[pool size = 1, active threads = 1, queued tasks = 0, completed tasks = 0]
2026-08-20T08:07:54.232-03:00  INFO 4148 --- [agenda] [MessageBroker-1] o.s.w.s.c.WebSocketMessageBrokerStats    : WebSocketSession[3 current WS(3)-HttpStream(0)-HttpPoll(0), 5 total, 0 closed abnormally (0 connect failure, 0 send limit, 0 transport error)], stompSubProtocol[processed CONNECT(5)-CONNECTED(5)-DISCONNECT(0)], stompBrokerRelay[null], inboundChannel[pool size = 0, active threads = 0, queued tasks = 0, completed tasks = 36], outboundChannel[pool size = 0, active threads = 0, queued tasks = 0, completed tasks = 9], sockJsScheduler[pool size = 2, active threads = 1, queued tasks = 0, completed tasks = 1]
2026-08-20T08:37:54.237-03:00  INFO 4148 --- [agenda] [MessageBroker-2] o.s.w.s.c.WebSocketMessageBrokerStats    : WebSocketSession[4 current WS(4)-HttpStream(0)-HttpPoll(0), 26 total, 0 closed abnormally (0 connect failure, 0 send limit, 0 transport error)], stompSubProtocol[processed CONNECT(26)-CONNECTED(26)-DISCONNECT(0)], stompBrokerRelay[null], inboundChannel[pool size = 0, active threads = 0, queued tasks = 0, completed tasks = 222], outboundChannel[pool size = 0, active threads = 0, queued tasks = 0, completed tasks = 64], sockJsScheduler[pool size = 3, active threads = 1, queued tasks = 0, completed tasks = 2]
